c:\github\cis_278_projects\week_fifteen\slimemould\slimemould\x64\debug\vc143.pdb
c:\github\cis_278_projects\week_fifteen\slimemould\slimemould\x64\debug\vc143.idb
c:\github\cis_278_projects\week_fifteen\slimemould\slimemould\x64\debug\visualizer.obj
c:\github\cis_278_projects\week_fifteen\slimemould\slimemould\x64\debug\utils.obj
c:\github\cis_278_projects\week_fifteen\slimemould\slimemould\x64\debug\sma.obj
c:\github\cis_278_projects\week_fifteen\slimemould\slimemould\x64\debug\slimemould.obj
c:\github\cis_278_projects\week_fifteen\slimemould\slimemould\x64\debug\agent.obj
c:\github\cis_278_projects\week_fifteen\slimemould\x64\debug\slimemould.pdb
c:\github\cis_278_projects\week_fifteen\slimemould\slimemould\x64\debug\slimemould.tlog\cl.command.1.tlog
c:\github\cis_278_projects\week_fifteen\slimemould\slimemould\x64\debug\slimemould.tlog\cl.read.1.tlog
c:\github\cis_278_projects\week_fifteen\slimemould\slimemould\x64\debug\slimemould.tlog\cl.write.1.tlog
c:\github\cis_278_projects\week_fifteen\slimemould\slimemould\x64\debug\slimemould.tlog\link-cvtres.read.1.tlog
c:\github\cis_278_projects\week_fifteen\slimemould\slimemould\x64\debug\slimemould.tlog\link-cvtres.write.1.tlog
c:\github\cis_278_projects\week_fifteen\slimemould\slimemould\x64\debug\slimemould.tlog\link-rc.read.1.tlog
c:\github\cis_278_projects\week_fifteen\slimemould\slimemould\x64\debug\slimemould.tlog\link-rc.write.1.tlog
c:\github\cis_278_projects\week_fifteen\slimemould\slimemould\x64\debug\slimemould.tlog\link.command.1.tlog
c:\github\cis_278_projects\week_fifteen\slimemould\slimemould\x64\debug\slimemould.tlog\link.read.1.tlog
c:\github\cis_278_projects\week_fifteen\slimemould\slimemould\x64\debug\slimemould.tlog\link.read.2.tlog
c:\github\cis_278_projects\week_fifteen\slimemould\slimemould\x64\debug\slimemould.tlog\link.read.3.tlog
c:\github\cis_278_projects\week_fifteen\slimemould\slimemould\x64\debug\slimemould.tlog\link.read.4.tlog
c:\github\cis_278_projects\week_fifteen\slimemould\slimemould\x64\debug\slimemould.tlog\link.write.1.tlog
